
                                                       █████                █████
                                                      ░░███                ░░███
     ████████    ██████   ████████    ██████   ██████  ░███████    ██████  ███████
    ░░███░░███  ░░░░░███ ░░███░░███  ███░░███ ███░░███ ░███░░███  ░░░░░███░░░███░
     ░███ ░███   ███████  ░███ ░███ ░███ ░███░███ ░░░  ░███ ░███   ███████  ░███
     ░███ ░███  ███░░███  ░███ ░███ ░███ ░███░███  ███ ░███ ░███  ███░░███  ░███ ███
     ████ █████░░████████ ████ █████░░██████ ░░██████  ████ █████░░███████  ░░█████
    ░░░░ ░░░░░  ░░░░░░░░ ░░░░ ░░░░░  ░░░░░░   ░░░░░░  ░░░░ ░░░░░  ░░░░░░░░   ░░░░░
    
Autodetected device type: cuda
2026-09-19 21:36:54,235 - nanochat.common - [32m[1mINFO[0m - Distributed world size: 1
2026-09-19 21:36:54,236 - nanochat.common - [33m[1mWARNING[0m - Peak flops undefined for: NVIDIA RTX PRO 6000 Blackwell Workstation Edition, MFU will show as 0%
GPU: NVIDIA RTX PRO 6000 Blackwell Workstation Edition | Peak FLOPS (BF16): inf
COMPUTE_DTYPE: torch.bfloat16 (auto-detected: CUDA SM 120 (bf16 supported))
!!!!!!!!!!!!!!!!!!!!!!!!!!!!!!!!!!!!!!!!!!!!!!!!!!!!!!!!!!!!!!!!!!!!!!!!!!!!!!!!
WARNING: Flash Attention 3 not available, using PyTorch SDPA fallback
WARNING: Training will be less efficient without FA3
!!!!!!!!!!!!!!!!!!!!!!!!!!!!!!!!!!!!!!!!!!!!!!!!!!!!!!!!!!!!!!!!!!!!!!!!!!!!!!!!
Vocab size: 32,768
Model config:
{
  "sequence_len": 2048,
  "vocab_size": 32768,
  "n_layer": 12,
  "n_head": 6,
  "n_kv_head": 6,
  "n_embd": 768,
  "window_pattern": "L",
  "n_prelude": -1,
  "n_core": 0,
  "n_coda": 0,
  "n_loop": 1
}
Parameter counts:
wte                     : 25,165,824
value_embeds            : 150,994,944
lm_head                 : 25,165,824
transformer_matrices    : 84,935,088
scalars                 : 50
total                   : 286,261,730
unique_layers           : 12
effective_layers        : 12
Estimated FLOPs per token: 8.870980e+08
Auto-computed optimal batch size: 524,288 tokens
Scaling the LR for the AdamW parameters ∝1/√(768/768) = 1.000000
Using user-provided number of iterations: 20
Total number of training tokens: 10,485,760
Tokens : Scaling params ratio: 0.10
Total training FLOPs estimate: 9.301897e+15
Parameter table:
  unique block params                     : 84,935,088
  lm_head                                 : 25,165,824
  wte                                     : 25,165,824
  value embed params (lookups, no FLOPs)  : 150,994,944
  scalars                                 : 50
  unique layers U                         : 12
  effective layers E                      : 12
  FLOPs per token                         : 887,098,032
Tokens / micro-batch / rank: 32 x 2048 = 65,536
Tokens / micro-batch: 65,536
Total batch size 524,288 => gradient accumulation steps: 8
step 00000/00020 (0.00%) | loss: 10.397021 | lrm: 0.03 | dt: 3391.27ms | tok/sec: 154,599 | bf16_mfu: 0.00 | epoch: 1 pq: 0 rg: 1 | total time: 0.00m
step 00001/00020 (5.00%) | loss: 10.384684 | lrm: 0.05 | dt: 1847.16ms | tok/sec: 283,834 | bf16_mfu: 0.00 | epoch: 1 pq: 0 rg: 2 | total time: 0.00m
step 00002/00020 (10.00%) | loss: 10.362551 | lrm: 0.07 | dt: 1858.40ms | tok/sec: 282,117 | bf16_mfu: 0.00 | epoch: 1 pq: 0 rg: 3 | total time: 0.00m
step 00003/00020 (15.00%) | loss: 10.328478 | lrm: 0.10 | dt: 1863.14ms | tok/sec: 281,400 | bf16_mfu: 0.00 | epoch: 1 pq: 0 rg: 4 | total time: 0.00m
step 00004/00020 (20.00%) | loss: 10.278533 | lrm: 0.12 | dt: 1863.62ms | tok/sec: 281,327 | bf16_mfu: 0.00 | epoch: 1 pq: 0 rg: 5 | total time: 0.00m
step 00005/00020 (25.00%) | loss: 10.199190 | lrm: 0.15 | dt: 1861.97ms | tok/sec: 281,577 | bf16_mfu: 0.00 | epoch: 1 pq: 0 rg: 6 | total time: 0.00m
step 00006/00020 (30.00%) | loss: 10.073645 | lrm: 0.17 | dt: 1864.89ms | tok/sec: 281,135 | bf16_mfu: 0.00 | epoch: 1 pq: 0 rg: 7 | total time: 0.00m
step 00007/00020 (35.00%) | loss: 9.854405 | lrm: 0.20 | dt: 1868.50ms | tok/sec: 280,592 | bf16_mfu: 0.00 | epoch: 1 pq: 0 rg: 8 | total time: 0.00m
step 00008/00020 (40.00%) | loss: 9.553341 | lrm: 0.23 | dt: 1871.22ms | tok/sec: 280,184 | bf16_mfu: 0.00 | epoch: 1 pq: 0 rg: 10 | total time: 0.00m
step 00009/00020 (45.00%) | loss: 9.280299 | lrm: 0.25 | dt: 1876.12ms | tok/sec: 279,453 | bf16_mfu: 0.00 | epoch: 1 pq: 0 rg: 11 | total time: 0.00m
step 00010/00020 (50.00%) | loss: 8.992897 | lrm: 0.28 | dt: 1887.09ms | tok/sec: 277,828 | bf16_mfu: 0.00 | epoch: 1 pq: 0 rg: 12 | total time: 0.00m
step 00011/00020 (55.00%) | loss: 8.724216 | lrm: 0.30 | dt: 1886.75ms | tok/sec: 277,879 | bf16_mfu: 0.00 | epoch: 1 pq: 0 rg: 13 | total time: 0.03m | eta: 0.3m
step 00012/00020 (60.00%) | loss: 8.496913 | lrm: 0.33 | dt: 1889.31ms | tok/sec: 277,502 | bf16_mfu: 0.00 | epoch: 1 pq: 0 rg: 14 | total time: 0.06m | eta: 0.3m
step 00013/00020 (65.00%) | loss: 8.280618 | lrm: 0.35 | dt: 1895.93ms | tok/sec: 276,534 | bf16_mfu: 0.00 | epoch: 1 pq: 0 rg: 15 | total time: 0.09m | eta: 0.2m
step 00014/00020 (70.00%) | loss: 8.084419 | lrm: 0.38 | dt: 1897.62ms | tok/sec: 276,287 | bf16_mfu: 0.00 | epoch: 1 pq: 0 rg: 16 | total time: 0.13m | eta: 0.2m
step 00015/00020 (75.00%) | loss: 7.893000 | lrm: 0.40 | dt: 1904.83ms | tok/sec: 275,241 | bf16_mfu: 0.00 | epoch: 1 pq: 0 rg: 17 | total time: 0.16m | eta: 0.2m
step 00016/00020 (80.00%) | loss: 7.711447 | lrm: 0.42 | dt: 1923.60ms | tok/sec: 272,555 | bf16_mfu: 0.00 | epoch: 1 pq: 0 rg: 18 | total time: 0.19m | eta: 0.1m
step 00017/00020 (85.00%) | loss: 7.554117 | lrm: 0.45 | dt: 1908.81ms | tok/sec: 274,667 | bf16_mfu: 0.00 | epoch: 1 pq: 0 rg: 19 | total time: 0.22m | eta: 0.1m
step 00018/00020 (90.00%) | loss: 7.410281 | lrm: 0.47 | dt: 1913.26ms | tok/sec: 274,028 | bf16_mfu: 0.00 | epoch: 1 pq: 0 rg: 20 | total time: 0.25m | eta: 0.1m
step 00019/00020 (95.00%) | loss: 7.281285 | lrm: 0.50 | dt: 1916.05ms | tok/sec: 273,629 | bf16_mfu: 0.00 | epoch: 1 pq: 0 rg: 21 | total time: 0.29m | eta: 0.0m
2026-09-19 21:37:34,765 - nanochat.checkpoint_manager - [32m[1mINFO[0m - Saved model parameters to: /home/neo/.cache/nanochat/base_checkpoints/looped_phase0_check_stock12/model_000020.pt
2026-09-19 21:37:34,765 - nanochat.checkpoint_manager - [32m[1mINFO[0m - Saved metadata to: /home/neo/.cache/nanochat/base_checkpoints/looped_phase0_check_stock12/meta_000020.json
Peak memory usage: 28774.39MiB
Total training time: 0.29m
Appended results row to results/phase0_identity_20260919_213652/looped_results.csv (diverged=0), log: results/phase0_identity_20260919_213652/logs/looped_phase0_check_stock12_20260919_213654.jsonl
